{
  "version": "1.5.0",
  "plugins_used": [
    {
      "name": "ArtifactoryDetector"
    },
    {
      "name": "AWSKeyDetector"
    },
    {
      "name": "AzureStorageKeyDetector"
    },
    {
      "name": "Base64HighEntropyString",
      "limit": 4.5
    },
    {
      "name": "BasicAuthDetector"
    },
    {
      "name": "CloudantDetector"
    },
    {
      "name": "DiscordBotTokenDetector"
    },
    {
      "name": "GitHubTokenDetector"
    },
    {
      "name": "GitLabTokenDetector"
    },
    {
      "name": "HexHighEntropyString",
      "limit": 3.0
    },
    {
      "name": "IbmCloudIamDetector"
    },
    {
      "name": "IbmCosHmacDetector"
    },
    {
      "name": "IPPublicDetector"
    },
    {
      "name": "JwtTokenDetector"
    },
    {
      "name": "KeywordDetector",
      "keyword_exclude": ""
    },
    {
      "name": "MailchimpDetector"
    },
    {
      "name": "NpmDetector"
    },
    {
      "name": "OpenAIDetector"
    },
    {
      "name": "PrivateKeyDetector"
    },
    {
      "name": "PypiTokenDetector"
    },
    {
      "name": "SendGridDetector"
    },
    {
      "name": "SlackDetector"
    },
    {
      "name": "SoftlayerDetector"
    },
    {
      "name": "SquareOAuthDetector"
    },
    {
      "name": "StripeDetector"
    },
    {
      "name": "TelegramBotTokenDetector"
    },
    {
      "name": "TwilioKeyDetector"
    }
  ],
  "filters_used": [
    {
      "path": "detect_secrets.filters.allowlist.is_line_allowlisted"
    },
    {
      "path": "detect_secrets.filters.common.is_baseline_file",
      "filename": ".secrets.baseline"
    },
    {
      "path": "detect_secrets.filters.common.is_ignored_due_to_verification_policies",
      "min_level": 2
    },
    {
      "path": "detect_secrets.filters.heuristic.is_indirect_reference"
    },
    {
      "path": "detect_secrets.filters.heuristic.is_likely_id_string"
    },
    {
      "path": "detect_secrets.filters.heuristic.is_lock_file"
    },
    {
      "path": "detect_secrets.filters.heuristic.is_not_alphanumeric_string"
    },
    {
      "path": "detect_secrets.filters.heuristic.is_potential_uuid"
    },
    {
      "path": "detect_secrets.filters.heuristic.is_prefixed_with_dollar_sign"
    },
    {
      "path": "detect_secrets.filters.heuristic.is_sequential_string"
    },
    {
      "path": "detect_secrets.filters.heuristic.is_swagger_file"
    },
    {
      "path": "detect_secrets.filters.heuristic.is_templated_secret"
    },
    {
      "path": "detect_secrets.filters.regex.should_exclude_file",
      "pattern": [
        "\\.secrets\\.baseline$"
      ]
    }
  ],
  "results": {
    "docs/mcp/troubleshooting.md": [
      {
        "type": "Secret Keyword",
        "filename": "docs/mcp/troubleshooting.md",
        "hashed_secret": "9ad19750930e5cf133e024641c00daf5fc90c700",
        "is_verified": false,
        "line_number": 103
      },
      {
        "type": "Secret Keyword",
        "filename": "docs/mcp/troubleshooting.md",
        "hashed_secret": "f4bd37ba60c10958ceda8e9c77b44404035e07a0",
        "is_verified": false,
        "line_number": 127
      },
      {
        "type": "Secret Keyword",
        "filename": "docs/mcp/troubleshooting.md",
        "hashed_secret": "a3e14ca24483c78554c083bc907c7194c7846ef1",
        "is_verified": false,
        "line_number": 225
      }
    ],
    "examples/mcp/claude_desktop/README.md": [
      {
        "type": "Secret Keyword",
        "filename": "examples/mcp/claude_desktop/README.md",
        "hashed_secret": "cf4a956e75901c220c0f5fbaec41987fc6177345",
        "is_verified": false,
        "line_number": 56
      }
    ],
    "examples/mcp/claude_desktop/claude_desktop_config.json": [
      {
        "type": "Secret Keyword",
        "filename": "examples/mcp/claude_desktop/claude_desktop_config.json",
        "hashed_secret": "cf4a956e75901c220c0f5fbaec41987fc6177345",
        "is_verified": false,
        "line_number": 7
      }
    ],
    "examples/mcp/claude_desktop/claude_desktop_config_advanced.json": [
      {
        "type": "Secret Keyword",
        "filename": "examples/mcp/claude_desktop/claude_desktop_config_advanced.json",
        "hashed_secret": "cf4a956e75901c220c0f5fbaec41987fc6177345",
        "is_verified": false,
        "line_number": 7
      }
    ],
    "examples/mcp/claude_desktop/test_config.json": [
      {
        "type": "Secret Keyword",
        "filename": "examples/mcp/claude_desktop/test_config.json",
        "hashed_secret": "624748a676f290c5424acf5f469d94917624ab3d",
        "is_verified": false,
        "line_number": 10
      }
    ],
    "examples/mcp/claude_desktop/troubleshooting.md": [
      {
        "type": "Secret Keyword",
        "filename": "examples/mcp/claude_desktop/troubleshooting.md",
        "hashed_secret": "9ad19750930e5cf133e024641c00daf5fc90c700",
        "is_verified": false,
        "line_number": 103
      },
      {
        "type": "Secret Keyword",
        "filename": "examples/mcp/claude_desktop/troubleshooting.md",
        "hashed_secret": "f4bd37ba60c10958ceda8e9c77b44404035e07a0",
        "is_verified": false,
        "line_number": 127
      },
      {
        "type": "Secret Keyword",
        "filename": "examples/mcp/claude_desktop/troubleshooting.md",
        "hashed_secret": "a3e14ca24483c78554c083bc907c7194c7846ef1",
        "is_verified": false,
        "line_number": 225
      }
    ],
    "examples/mcp/setup_guide.md": [
      {
        "type": "Secret Keyword",
        "filename": "examples/mcp/setup_guide.md",
        "hashed_secret": "cf4a956e75901c220c0f5fbaec41987fc6177345",
        "is_verified": false,
        "line_number": 66
      }
    ],
    "tests/integration/conftest.py": [
      {
        "type": "Secret Keyword",
        "filename": "tests/integration/conftest.py",
        "hashed_secret": "d739b41c66d3ff46d4960fdff2f97db084e338b4",
        "is_verified": false,
        "line_number": 252
      }
    ],
    "tests/unit/conftest.py": [
      {
        "type": "Secret Keyword",
        "filename": "tests/unit/conftest.py",
        "hashed_secret": "767ef7376d44bb6e52b390ddcd12c1cb1b3902a4",
        "is_verified": false,
        "line_number": 17
      }
    ],
    "tests/unit/lc/test_config.py": [
      {
        "type": "Secret Keyword",
        "filename": "tests/unit/lc/test_config.py",
        "hashed_secret": "069707669944455c5c27d2850571f21f88d4c967",
        "is_verified": false,
        "line_number": 16
      },
      {
        "type": "Secret Keyword",
        "filename": "tests/unit/lc/test_config.py",
        "hashed_secret": "75ddfb45216fe09680dfe70eda4f559a910c832c",
        "is_verified": false,
        "line_number": 17
      },
      {
        "type": "Secret Keyword",
        "filename": "tests/unit/lc/test_config.py",
        "hashed_secret": "3acfb2c2b433c0ea7ff107e33df91b18e52f960f",
        "is_verified": false,
        "line_number": 33
      },
      {
        "type": "Secret Keyword",
        "filename": "tests/unit/lc/test_config.py",
        "hashed_secret": "46e9122567abad042837c395bc98095a6cd417b3",
        "is_verified": false,
        "line_number": 71
      },
      {
        "type": "Secret Keyword",
        "filename": "tests/unit/lc/test_config.py",
        "hashed_secret": "e242ca24e021d3f3906758434300a2241bd5554f",
        "is_verified": false,
        "line_number": 72
      }
    ],
    "tests/unit/lc/test_embedding.py": [
      {
        "type": "Secret Keyword",
        "filename": "tests/unit/lc/test_embedding.py",
        "hashed_secret": "3acfb2c2b433c0ea7ff107e33df91b18e52f960f",
        "is_verified": false,
        "line_number": 31
      }
    ],
    "tests/unit/test_async_clients.py": [
      {
        "type": "Secret Keyword",
        "filename": "tests/unit/test_async_clients.py",
        "hashed_secret": "00942f4668670f34c5943cf52c7ef3139fe2b8d6",
        "is_verified": false,
        "line_number": 3187
      }
    ],
    "tests/unit/test_base.py": [
      {
        "type": "Secret Keyword",
        "filename": "tests/unit/test_base.py",
        "hashed_secret": "00942f4668670f34c5943cf52c7ef3139fe2b8d6",
        "is_verified": false,
        "line_number": 107
      }
    ],
    "tests/unit/test_base_async.py": [
      {
        "type": "Secret Keyword",
        "filename": "tests/unit/test_base_async.py",
        "hashed_secret": "767ef7376d44bb6e52b390ddcd12c1cb1b3902a4",
        "is_verified": false,
        "line_number": 26
      }
    ],
    "tests/unit/test_base_coverage.py": [
      {
        "type": "Secret Keyword",
        "filename": "tests/unit/test_base_coverage.py",
        "hashed_secret": "00942f4668670f34c5943cf52c7ef3139fe2b8d6",
        "is_verified": false,
        "line_number": 27
      }
    ],
    "tests/unit/test_bulk_bytes.py": [
      {
        "type": "Secret Keyword",
        "filename": "tests/unit/test_bulk_bytes.py",
        "hashed_secret": "00942f4668670f34c5943cf52c7ef3139fe2b8d6",
        "is_verified": false,
        "line_number": 205
      }
    ],
    "tests/unit/test_cache_integration.py": [
      {
        "type": "Secret Keyword",
        "filename": "tests/unit/test_cache_integration.py",
        "hashed_secret": "1e7772b7ee7a12f8dbb12351cabcb9dcd43221e8",
        "is_verified": false,
        "line_number": 52
      },
      {
        "type": "Secret Keyword",
        "filename": "tests/unit/test_cache_integration.py",
        "hashed_secret": "e5e9fa1ba31ecd1ae84f75caaa474f3a663f05f4",
        "is_verified": false,
        "line_number": 78
      },
      {
        "type": "Secret Keyword",
        "filename": "tests/unit/test_cache_integration.py",
        "hashed_secret": "517d5a7240861ec297fa07542a7bf7470bb604fe",
        "is_verified": false,
        "line_number": 79
      }
    ],
    "tests/unit/test_client.py": [
      {
        "type": "Secret Keyword",
        "filename": "tests/unit/test_client.py",
        "hashed_secret": "00942f4668670f34c5943cf52c7ef3139fe2b8d6",
        "is_verified": false,
        "line_number": 34
      },
      {
        "type": "Secret Keyword",
        "filename": "tests/unit/test_client.py",
        "hashed_secret": "bb5e31f5e4adb0f4343409954e3dfe95accd3004",
        "is_verified": false,
        "line_number": 120
      }
    ],
    "tests/unit/test_config.py": [
      {
        "type": "Secret Keyword",
        "filename": "tests/unit/test_config.py",
        "hashed_secret": "00942f4668670f34c5943cf52c7ef3139fe2b8d6",
        "is_verified": false,
        "line_number": 369
      },
      {
        "type": "Secret Keyword",
        "filename": "tests/unit/test_config.py",
        "hashed_secret": "bb5e31f5e4adb0f4343409954e3dfe95accd3004",
        "is_verified": false,
        "line_number": 483
      },
      {
        "type": "Secret Keyword",
        "filename": "tests/unit/test_config.py",
        "hashed_secret": "5daae97f0240d1a05e6f1767e81a8d1ad60383ac",
        "is_verified": false,
        "line_number": 695
      },
      {
        "type": "Secret Keyword",
        "filename": "tests/unit/test_config.py",
        "hashed_secret": "a9014473b8f457d319c2702f5970452513306608",
        "is_verified": false,
        "line_number": 725
      }
    ],
    "tests/unit/test_export_dotenv.py": [
      {
        "type": "Secret Keyword",
        "filename": "tests/unit/test_export_dotenv.py",
        "hashed_secret": "b3511debb778c2ff2a901c2aed66f84dd85fdadb",
        "is_verified": false,
        "line_number": 21
      }
    ],
    "tests/unit/test_logger.py": [
      {
        "type": "Secret Keyword",
        "filename": "tests/unit/test_logger.py",
        "hashed_secret": "1e7772b7ee7a12f8dbb12351cabcb9dcd43221e8",
        "is_verified": false,
        "line_number": 54
      },
      {
        "type": "Secret Keyword",
        "filename": "tests/unit/test_logger.py",
        "hashed_secret": "f2b14f68eb995facb3a1c35287b778d5bd785511",
        "is_verified": false,
        "line_number": 90
      },
      {
        "type": "Secret Keyword",
        "filename": "tests/unit/test_logger.py",
        "hashed_secret": "3b96880b8e11758bbf9796b9cd90aaa3ab4bab6e",
        "is_verified": false,
        "line_number": 104
      },
      {
        "type": "Secret Keyword",
        "filename": "tests/unit/test_logger.py",
        "hashed_secret": "b4a76d8860918aa1332fb0aca06d2672d438eff7",
        "is_verified": false,
        "line_number": 127
      },
      {
        "type": "Secret Keyword",
        "filename": "tests/unit/test_logger.py",
        "hashed_secret": "9749f120d973f95fcd9b26e5a575d83a1abcf1a1",
        "is_verified": false,
        "line_number": 165
      }
    ],
    "tests/unit/test_mcp.py": [
      {
        "type": "Secret Keyword",
        "filename": "tests/unit/test_mcp.py",
        "hashed_secret": "00942f4668670f34c5943cf52c7ef3139fe2b8d6",
        "is_verified": false,
        "line_number": 30
      },
      {
        "type": "Secret Keyword",
        "filename": "tests/unit/test_mcp.py",
        "hashed_secret": "075568fb26363695457c78be6687de14b2045550",
        "is_verified": false,
        "line_number": 1270
      },
      {
        "type": "Secret Keyword",
        "filename": "tests/unit/test_mcp.py",
        "hashed_secret": "9f236d443728347ad5bafb9297fab60376a1732a",
        "is_verified": false,
        "line_number": 1366
      }
    ],
    "tests/unit/test_mcp_cli.py": [
      {
        "type": "Secret Keyword",
        "filename": "tests/unit/test_mcp_cli.py",
        "hashed_secret": "00942f4668670f34c5943cf52c7ef3139fe2b8d6",
        "is_verified": false,
        "line_number": 474
      }
    ],
    "tests/unit/test_vcr_sanitization.py": [
      {
        "type": "Secret Keyword",
        "filename": "tests/unit/test_vcr_sanitization.py",
        "hashed_secret": "375d4780e6f98b5260fcb0711f722e3e52cd6060",
        "is_verified": false,
        "line_number": 57
      },
      {
        "type": "Secret Keyword",
        "filename": "tests/unit/test_vcr_sanitization.py",
        "hashed_secret": "d739b41c66d3ff46d4960fdff2f97db084e338b4",
        "is_verified": false,
        "line_number": 72
      }
    ]
  },
  "generated_at": "2026-08-19T08:43:31Z"
}
